Copyright 1986-2019 Xilinx, Inc. All Rights Reserved.
------------------------------------------------------------------------------------
| Tool Version : Vivado v.2019.1 (win64) Build 2552052 Fri May 24 14:49:42 MDT 2019
| Date         : Mon Dec 12 16:23:46 2022
| Host         : DESKTOP-NTH2LGN running 64-bit major release  (build 9200)
| Command      : report_control_sets -verbose -file lab10_control_sets_placed.rpt
| Design       : lab10
| Device       : xc7a35ti
------------------------------------------------------------------------------------

Control Set Information

Table of Contents
-----------------
1. Summary
2. Histogram
3. Flip-Flop Distribution
4. Detailed Control Set Information

1. Summary
----------

+----------------------------------------------------------+-------+
|                          Status                          | Count |
+----------------------------------------------------------+-------+
| Total control sets                                       |   131 |
|    Minimum number of control sets                        |   131 |
|    Addition due to synthesis replication                 |     0 |
|    Addition due to physical synthesis replication        |     0 |
| Unused register locations in slices containing registers |    97 |
+----------------------------------------------------------+-------+
* Control sets can be merged at opt_design using control_set_merge or merge_equivalent_drivers
** Run report_qor_suggestions for automated merging and remapping suggestions


2. Histogram
------------

+--------------------+-------+
|       Fanout       | Count |
+--------------------+-------+
| Total control sets |   131 |
| >= 0 to < 4        |     2 |
| >= 4 to < 6        |     0 |
| >= 6 to < 8        |     0 |
| >= 8 to < 10       |     3 |
| >= 10 to < 12      |     2 |
| >= 12 to < 14      |     2 |
| >= 14 to < 16      |     0 |
| >= 16              |   122 |
+--------------------+-------+
* Control sets can be remapped at either synth_design or opt_design


3. Flip-Flop Distribution
-------------------------

+--------------+-----------------------+------------------------+-----------------+--------------+
| Clock Enable | Synchronous Set/Reset | Asynchronous Set/Reset | Total Registers | Total Slices |
+--------------+-----------------------+------------------------+-----------------+--------------+
| No           | No                    | No                     |              16 |           13 |
| No           | No                    | Yes                    |               0 |            0 |
| No           | Yes                   | No                     |             481 |          245 |
| Yes          | No                    | No                     |              89 |           31 |
| Yes          | No                    | Yes                    |               0 |            0 |
| Yes          | Yes                   | No                     |             149 |           45 |
+--------------+-----------------------+------------------------+-----------------+--------------+


4. Detailed Control Set Information
-----------------------------------

+-----------------------------+-----------------------------------------+----------------------------+------------------+----------------+
|         Clock Signal        |              Enable Signal              |      Set/Reset Signal      | Slice Load Count | Bel Load Count |
+-----------------------------+-----------------------------------------+----------------------------+------------------+----------------+
|  clk_divider0/clk_out_reg_0 |                                         |                            |                1 |              1 |
|  clk_divider0/clk_out_reg_0 |                                         | vs0/fish_clock1            |                2 |              2 |
|  clk_IBUF_BUFG              | cnt[1][20]_i_1_n_0                      |                            |                2 |              9 |
|  clk_IBUF_BUFG              | rev3_out                                |                            |                3 |              9 |
|  clk_IBUF_BUFG              | rev6_out                                |                            |                3 |              9 |
|  clk_divider0/clk_out_reg_0 | vs0/h_count_next                        | vs0/v_count_reg[9]_i_1_n_0 |                3 |             10 |
|  clk_divider0/clk_out_reg_0 | vs0/pixel_tick                          | vs0/h_count_reg[9]_i_1_n_0 |                3 |             10 |
|  clk_IBUF_BUFG              | vs0/pixel_tick                          | vs0/SR[0]                  |                5 |             12 |
|  clk_IBUF_BUFG              | fish_clock3__0[20]                      | fish_clock31               |                4 |             12 |
|  clk_IBUF_BUFG              |                                         |                            |               12 |             19 |
|  clk_IBUF_BUFG              |                                         | db0/counter[0]_i_1_n_0     |                5 |             19 |
|  clk_IBUF_BUFG              |                                         | db1/counter[0]_i_1__0_n_0  |                5 |             19 |
|  clk_IBUF_BUFG              |                                         | db2/counter[0]_i_1__1_n_0  |                5 |             19 |
|  clk_IBUF_BUFG              |                                         | db3/counter[0]_i_1__2_n_0  |                5 |             19 |
|  clk_IBUF_BUFG              | db0/state_reg_0                         | p_10_out                   |                5 |             20 |
|  clk_IBUF_BUFG              | fish_clock3__0[19]                      |                            |                6 |             20 |
|  clk_IBUF_BUFG              | cnt[1][20]_i_2_n_0                      | cnt[1][20]_i_1_n_0         |                9 |             21 |
|  clk_IBUF_BUFG              | cnt[2][20]_i_1_n_0                      |                            |                8 |             21 |
|  clk_IBUF_BUFG              | cnt[3][20]_i_1_n_0                      |                            |                9 |             21 |
|  clk_IBUF_BUFG              |                                         | usr_sw_IBUF[3]             |               23 |             24 |
|  clk_IBUF_BUFG              | fish_clock2[0]_i_2_n_0                  | fish_clock20               |                8 |             32 |
|  clk_IBUF_BUFG              | fish_clock[0]_i_2_n_0                   | fish_clock0                |                8 |             32 |
|  clk_IBUF_BUFG              | ram1/RAM_reg_8192_8447_0_0_i_1_n_0      |                            |               12 |             48 |
|  clk_IBUF_BUFG              | ram1/RAM_reg_8704_8959_0_0_i_1_n_0      |                            |               12 |             48 |
|  clk_IBUF_BUFG              | ram1/RAM_reg_8448_8703_0_0_i_1_n_0      |                            |               12 |             48 |
|  clk_IBUF_BUFG              | ram1/RAM_reg_768_1023_0_0_i_1_n_0       |                            |               12 |             48 |
|  clk_IBUF_BUFG              | ram1/RAM_reg_8960_9215_0_0_i_1_n_0      |                            |               12 |             48 |
|  clk_IBUF_BUFG              | ram1/RAM_reg_9984_10239_0_0_i_1_n_0     |                            |               12 |             48 |
|  clk_IBUF_BUFG              | ram1/RAM_reg_9216_9471_0_0_i_1_n_0      |                            |               12 |             48 |
|  clk_IBUF_BUFG              | ram1/RAM_reg_9728_9983_0_0_i_1_n_0      |                            |               12 |             48 |
|  clk_IBUF_BUFG              | ram1/RAM_reg_9472_9727_0_0_i_1_n_0      |                            |               12 |             48 |
|  clk_IBUF_BUFG              | ram1/RAM_reg_1024_1279_0_0_i_1_n_0      |                            |               12 |             48 |
|  clk_IBUF_BUFG              | ram1/RAM_reg_10240_10495_0_0_i_1_n_0    |                            |               12 |             48 |
|  clk_IBUF_BUFG              | ram1/RAM_reg_0_255_0_0_i_1_n_0          |                            |               12 |             48 |
|  clk_IBUF_BUFG              | ram1/RAM_reg_10496_10751_0_0_i_1_n_0    |                            |               12 |             48 |
|  clk_IBUF_BUFG              | ram1/RAM_reg_11264_11519_0_0_i_1_n_0    |                            |               12 |             48 |
|  clk_IBUF_BUFG              | ram1/RAM_reg_11008_11263_0_0_i_1_n_0    |                            |               12 |             48 |
|  clk_IBUF_BUFG              | ram1/RAM_reg_11520_11775_0_0_i_1_n_0    |                            |               12 |             48 |
|  clk_IBUF_BUFG              | ram1/RAM_reg_10752_11007_0_0_i_1_n_0    |                            |               12 |             48 |
|  clk_IBUF_BUFG              | ram1/RAM_reg_12032_12287_0_0_i_1_n_0    |                            |               12 |             48 |
|  clk_IBUF_BUFG              | ram1/RAM_reg_11776_12031_0_0_i_1_n_0    |                            |               12 |             48 |
|  clk_IBUF_BUFG              | ram1/RAM_reg_12288_12543_0_0_i_1_n_0    |                            |               12 |             48 |
|  clk_IBUF_BUFG              | ram1/RAM_reg_12544_12799_0_0_i_1_n_0    |                            |               12 |             48 |
|  clk_IBUF_BUFG              | ram1/RAM_reg_12800_13055_0_0_i_1_n_0    |                            |               12 |             48 |
|  clk_IBUF_BUFG              | ram1/RAM_reg_1280_1535_0_0_i_1_n_0      |                            |               12 |             48 |
|  clk_IBUF_BUFG              | ram1/RAM_reg_13568_13823_0_0_i_1_n_0    |                            |               12 |             48 |
|  clk_IBUF_BUFG              | ram1/RAM_reg_13312_13567_0_0_i_1_n_0    |                            |               12 |             48 |
|  clk_IBUF_BUFG              | ram1/RAM_reg_13056_13311_0_0_i_1_n_0    |                            |               12 |             48 |
|  clk_IBUF_BUFG              | ram1/RAM_reg_13824_14079_0_0_i_1_n_0    |                            |               12 |             48 |
|  clk_IBUF_BUFG              | ram1/RAM_reg_14592_14847_0_0_i_1_n_0    |                            |               12 |             48 |
|  clk_IBUF_BUFG              | ram1/RAM_reg_14336_14591_0_0_i_1_n_0    |                            |               12 |             48 |
|  clk_IBUF_BUFG              | ram1/RAM_reg_14848_15103_0_0_i_1_n_0    |                            |               12 |             48 |
|  clk_IBUF_BUFG              | ram1/RAM_reg_15104_15359_0_0_i_1_n_0    |                            |               12 |             48 |
|  clk_IBUF_BUFG              | ram1/RAM_reg_14080_14335_0_0_i_1_n_0    |                            |               12 |             48 |
|  clk_IBUF_BUFG              | ram1/RAM_reg_1536_1791_0_0_i_1_n_0      |                            |               12 |             48 |
|  clk_IBUF_BUFG              | ram1/RAM_reg_16128_16383_0_0_i_1_n_0    |                            |               12 |             48 |
|  clk_IBUF_BUFG              | ram1/RAM_reg_15360_15615_0_0_i_1_n_0    |                            |               12 |             48 |
|  clk_IBUF_BUFG              | ram1/RAM_reg_15616_15871_0_0_i_1_n_0    |                            |               12 |             48 |
|  clk_IBUF_BUFG              | ram1/RAM_reg_15872_16127_0_0_i_1_n_0    |                            |               12 |             48 |
|  clk_IBUF_BUFG              | ram1/RAM_reg_2560_2815_0_0_i_1_n_0      |                            |               12 |             48 |
|  clk_IBUF_BUFG              | ram1/RAM_reg_256_511_0_0_i_1_n_0        |                            |               12 |             48 |
|  clk_IBUF_BUFG              | ram1/RAM_reg_2048_2303_0_0_i_1_n_0      |                            |               12 |             48 |
|  clk_IBUF_BUFG              | ram1/RAM_reg_1792_2047_0_0_i_1_n_0      |                            |               12 |             48 |
|  clk_IBUF_BUFG              | ram1/RAM_reg_2304_2559_0_0_i_1_n_0      |                            |               12 |             48 |
|  clk_IBUF_BUFG              | ram1/RAM_reg_2816_3071_0_0_i_1_n_0      |                            |               12 |             48 |
|  clk_IBUF_BUFG              | ram1/RAM_reg_3328_3583_0_0_i_1_n_0      |                            |               12 |             48 |
|  clk_IBUF_BUFG              | ram1/RAM_reg_3584_3839_0_0_i_1_n_0      |                            |               12 |             48 |
|  clk_IBUF_BUFG              | ram1/RAM_reg_3840_4095_0_0_i_1_n_0      |                            |               12 |             48 |
|  clk_IBUF_BUFG              | ram1/RAM_reg_3072_3327_0_0_i_1_n_0      |                            |               12 |             48 |
|  clk_IBUF_BUFG              | ram1/RAM_reg_4352_4607_0_0_i_1_n_0      |                            |               12 |             48 |
|  clk_IBUF_BUFG              | ram1/RAM_reg_4864_5119_0_0_i_1_n_0      |                            |               12 |             48 |
|  clk_IBUF_BUFG              | ram1/RAM_reg_5120_5375_0_0_i_1_n_0      |                            |               12 |             48 |
|  clk_IBUF_BUFG              | ram1/RAM_reg_4096_4351_0_0_i_1_n_0      |                            |               12 |             48 |
|  clk_IBUF_BUFG              | ram1/RAM_reg_4608_4863_0_0_i_1_n_0      |                            |               12 |             48 |
|  clk_IBUF_BUFG              | ram1/RAM_reg_512_767_0_0_i_1_n_0        |                            |               12 |             48 |
|  clk_IBUF_BUFG              | ram3/RAM_reg_0_255_0_0_i_1__0_n_0       |                            |               12 |             48 |
|  clk_IBUF_BUFG              | ram3/RAM_reg_1024_1279_0_0_i_1__0_n_0   |                            |               12 |             48 |
|  clk_IBUF_BUFG              | ram3/RAM_reg_10240_10495_0_0_i_1__0_n_0 |                            |               12 |             48 |
|  clk_IBUF_BUFG              | ram3/RAM_reg_1280_1535_0_0_i_1__0_n_0   |                            |               12 |             48 |
|  clk_IBUF_BUFG              | ram3/RAM_reg_10752_11007_0_0_i_1__0_n_0 |                            |               12 |             48 |
|  clk_IBUF_BUFG              | ram3/RAM_reg_11008_11263_0_0_i_1__0_n_0 |                            |               12 |             48 |
|  clk_IBUF_BUFG              | ram3/RAM_reg_10496_10751_0_0_i_1__0_n_0 |                            |               12 |             48 |
|  clk_IBUF_BUFG              | ram3/RAM_reg_1536_1791_0_0_i_1__0_n_0   |                            |               12 |             48 |
|  clk_IBUF_BUFG              | ram3/RAM_reg_2048_2303_0_0_i_1__0_n_0   |                            |               12 |             48 |
|  clk_IBUF_BUFG              | ram3/RAM_reg_2560_2815_0_0_i_1__0_n_0   |                            |               12 |             48 |
|  clk_IBUF_BUFG              | ram3/RAM_reg_2304_2559_0_0_i_1__0_n_0   |                            |               12 |             48 |
|  clk_IBUF_BUFG              | ram3/RAM_reg_256_511_0_0_i_1__0_n_0     |                            |               12 |             48 |
|  clk_IBUF_BUFG              | ram3/RAM_reg_1792_2047_0_0_i_1__0_n_0   |                            |               12 |             48 |
|  clk_IBUF_BUFG              | ram3/RAM_reg_3584_3839_0_0_i_1__0_n_0   |                            |               12 |             48 |
|  clk_IBUF_BUFG              | ram3/RAM_reg_3840_4095_0_0_i_1__0_n_0   |                            |               12 |             48 |
|  clk_IBUF_BUFG              | ram3/RAM_reg_3328_3583_0_0_i_1__0_n_0   |                            |               12 |             48 |
|  clk_IBUF_BUFG              | ram3/RAM_reg_2816_3071_0_0_i_1__0_n_0   |                            |               12 |             48 |
|  clk_IBUF_BUFG              | ram3/RAM_reg_3072_3327_0_0_i_1__0_n_0   |                            |               12 |             48 |
|  clk_IBUF_BUFG              | ram3/RAM_reg_4608_4863_0_0_i_1__0_n_0   |                            |               12 |             48 |
|  clk_IBUF_BUFG              | ram3/RAM_reg_4864_5119_0_0_i_1__0_n_0   |                            |               12 |             48 |
|  clk_IBUF_BUFG              | ram3/RAM_reg_4096_4351_0_0_i_1__0_n_0   |                            |               12 |             48 |
|  clk_IBUF_BUFG              | ram3/RAM_reg_4352_4607_0_0_i_1__0_n_0   |                            |               12 |             48 |
|  clk_IBUF_BUFG              | ram1/RAM_reg_5888_6143_0_0_i_1_n_0      |                            |               12 |             48 |
|  clk_IBUF_BUFG              | ram3/RAM_reg_5376_5631_0_0_i_1__0_n_0   |                            |               12 |             48 |
|  clk_IBUF_BUFG              | ram3/RAM_reg_5888_6143_0_0_i_1__0_n_0   |                            |               12 |             48 |
|  clk_IBUF_BUFG              | ram3/RAM_reg_5120_5375_0_0_i_1__0_n_0   |                            |               12 |             48 |
|  clk_IBUF_BUFG              | ram3/RAM_reg_512_767_0_0_i_1__0_n_0     |                            |               12 |             48 |
|  clk_IBUF_BUFG              | ram3/RAM_reg_6912_7167_0_0_i_1__0_n_0   |                            |               12 |             48 |
|  clk_IBUF_BUFG              | ram3/RAM_reg_7168_7423_0_0_i_1__0_n_0   |                            |               12 |             48 |
|  clk_IBUF_BUFG              | ram3/RAM_reg_6144_6399_0_0_i_1__0_n_0   |                            |               12 |             48 |
|  clk_IBUF_BUFG              | ram3/RAM_reg_6400_6655_0_0_i_1__0_n_0   |                            |               12 |             48 |
|  clk_IBUF_BUFG              | ram3/RAM_reg_6656_6911_0_0_i_1__0_n_0   |                            |               12 |             48 |
|  clk_IBUF_BUFG              | ram3/RAM_reg_7936_8191_0_0_i_1__0_n_0   |                            |               12 |             48 |
|  clk_IBUF_BUFG              | ram3/RAM_reg_7424_7679_0_0_i_1__0_n_0   |                            |               12 |             48 |
|  clk_IBUF_BUFG              | ram3/RAM_reg_8192_8447_0_0_i_1__0_n_0   |                            |               12 |             48 |
|  clk_IBUF_BUFG              | ram3/RAM_reg_7680_7935_0_0_i_1__0_n_0   |                            |               12 |             48 |
|  clk_IBUF_BUFG              | ram3/RAM_reg_768_1023_0_0_i_1__0_n_0    |                            |               12 |             48 |
|  clk_IBUF_BUFG              | ram3/RAM_reg_9472_9727_0_0_i_1__0_n_0   |                            |               12 |             48 |
|  clk_IBUF_BUFG              | ram3/RAM_reg_5632_5887_0_0_i_1__0_n_0   |                            |               12 |             48 |
|  clk_IBUF_BUFG              | ram3/RAM_reg_9216_9471_0_0_i_1__0_n_0   |                            |               12 |             48 |
|  clk_IBUF_BUFG              | ram3/RAM_reg_8960_9215_0_0_i_1__0_n_0   |                            |               12 |             48 |
|  clk_IBUF_BUFG              | ram3/RAM_reg_8448_8703_0_0_i_1__0_n_0   |                            |               12 |             48 |
|  clk_IBUF_BUFG              | ram3/RAM_reg_9728_9983_0_0_i_1__0_n_0   |                            |               12 |             48 |
|  clk_IBUF_BUFG              | ram3/RAM_reg_9984_10239_0_0_i_1__0_n_0  |                            |               12 |             48 |
|  clk_IBUF_BUFG              | ram1/RAM_reg_6400_6655_0_0_i_1_n_0      |                            |               12 |             48 |
|  clk_IBUF_BUFG              | ram1/RAM_reg_6144_6399_0_0_i_1_n_0      |                            |               12 |             48 |
|  clk_IBUF_BUFG              | ram1/RAM_reg_5376_5631_0_0_i_1_n_0      |                            |               12 |             48 |
|  clk_IBUF_BUFG              | ram1/RAM_reg_5632_5887_0_0_i_1_n_0      |                            |               12 |             48 |
|  clk_IBUF_BUFG              | ram1/RAM_reg_7680_7935_0_0_i_1_n_0      |                            |               12 |             48 |
|  clk_IBUF_BUFG              | ram1/RAM_reg_6912_7167_0_0_i_1_n_0      |                            |               12 |             48 |
|  clk_IBUF_BUFG              | ram1/RAM_reg_7168_7423_0_0_i_1_n_0      |                            |               12 |             48 |
|  clk_IBUF_BUFG              | ram1/RAM_reg_6656_6911_0_0_i_1_n_0      |                            |               12 |             48 |
|  clk_IBUF_BUFG              | ram1/RAM_reg_7424_7679_0_0_i_1_n_0      |                            |               12 |             48 |
|  clk_IBUF_BUFG              | ram1/RAM_reg_7936_8191_0_0_i_1_n_0      |                            |               12 |             48 |
|  clk_IBUF_BUFG              | ram3/RAM_reg_8704_8959_0_0_i_1__0_n_0   |                            |               12 |             48 |
|  clk_IBUF_BUFG              |                                         | vs0/fish_clock1            |              200 |            379 |
+-----------------------------+-----------------------------------------+----------------------------+------------------+----------------+


